  Determining projects to restore...
  All projects are up-to-date for restore.
  POSSampleOWN.shared -> D:\MiniPOS\POSSampleOWN.shared\bin\Debug\net8.0\POSSampleOWN.shared.dll
  POSSampleOWN.database -> D:\MiniPOS\POSSampleOWN.database\bin\Debug\net8.0\POSSampleOWN.database.dll
C:\Program Files\dotnet\sdk\10.0.201\Microsoft.Common.CurrentVersion.targets(2451,5): warning MSB3277: Found conflicts between different versions of "Microsoft.EntityFrameworkCore.Relational" that could not be resolved. [D:\MiniPOS\POSSampleOWN.domain\POSSampleOWN.domain.csproj]
C:\Program Files\dotnet\sdk\10.0.201\Microsoft.Common.CurrentVersion.targets(2451,5): warning MSB3277: There was a conflict between "Microsoft.EntityFrameworkCore.Relational, Version=8.0.4.0, Culture=neutral, PublicKeyToken=adb9793829ddae60" and "Microsoft.EntityFrameworkCore.Relational, Version=8.0.22.0, Culture=neutral, PublicKeyToken=adb9793829ddae60". [D:\MiniPOS\POSSampleOWN.domain\POSSampleOWN.domain.csproj]
C:\Program Files\dotnet\sdk\10.0.201\Microsoft.Common.CurrentVersion.targets(2451,5): warning MSB3277:     "Microsoft.EntityFrameworkCore.Relational, Version=8.0.4.0, Culture=neutral, PublicKeyToken=adb9793829ddae60" was chosen because it was primary and "Microsoft.EntityFrameworkCore.Relational, Version=8.0.22.0, Culture=neutral, PublicKeyToken=adb9793829ddae60" was not. [D:\MiniPOS\POSSampleOWN.domain\POSSampleOWN.domain.csproj]
C:\Program Files\dotnet\sdk\10.0.201\Microsoft.Common.CurrentVersion.targets(2451,5): warning MSB3277:     References which depend on "Microsoft.EntityFrameworkCore.Relational, Version=8.0.4.0, Culture=neutral, PublicKeyToken=adb9793829ddae60" [C:\Users\USER\.nuget\packages\microsoft.entityframeworkcore.relational\8.0.4\lib\net8.0\Microsoft.EntityFrameworkCore.Relational.dll]. [D:\MiniPOS\POSSampleOWN.domain\POSSampleOWN.domain.csproj]
C:\Program Files\dotnet\sdk\10.0.201\Microsoft.Common.CurrentVersion.targets(2451,5): warning MSB3277:         C:\Users\USER\.nuget\packages\microsoft.entityframeworkcore.relational\8.0.4\lib\net8.0\Microsoft.EntityFrameworkCore.Relational.dll [D:\MiniPOS\POSSampleOWN.domain\POSSampleOWN.domain.csproj]
C:\Program Files\dotnet\sdk\10.0.201\Microsoft.Common.CurrentVersion.targets(2451,5): warning MSB3277:           Project file item includes which caused reference "C:\Users\USER\.nuget\packages\microsoft.entityframeworkcore.relational\8.0.4\lib\net8.0\Microsoft.EntityFrameworkCore.Relational.dll". [D:\MiniPOS\POSSampleOWN.domain\POSSampleOWN.domain.csproj]
C:\Program Files\dotnet\sdk\10.0.201\Microsoft.Common.CurrentVersion.targets(2451,5): warning MSB3277:             C:\Users\USER\.nuget\packages\microsoft.entityframeworkcore.relational\8.0.4\lib\net8.0\Microsoft.EntityFrameworkCore.Relational.dll [D:\MiniPOS\POSSampleOWN.domain\POSSampleOWN.domain.csproj]
C:\Program Files\dotnet\sdk\10.0.201\Microsoft.Common.CurrentVersion.targets(2451,5): warning MSB3277:     References which depend on or have been unified to "Microsoft.EntityFrameworkCore.Relational, Version=8.0.22.0, Culture=neutral, PublicKeyToken=adb9793829ddae60" []. [D:\MiniPOS\POSSampleOWN.domain\POSSampleOWN.domain.csproj]
C:\Program Files\dotnet\sdk\10.0.201\Microsoft.Common.CurrentVersion.targets(2451,5): warning MSB3277:         D:\MiniPOS\POSSampleOWN.database\bin\Debug\net8.0\POSSampleOWN.database.dll [D:\MiniPOS\POSSampleOWN.domain\POSSampleOWN.domain.csproj]
C:\Program Files\dotnet\sdk\10.0.201\Microsoft.Common.CurrentVersion.targets(2451,5): warning MSB3277:           Project file item includes which caused reference "D:\MiniPOS\POSSampleOWN.database\bin\Debug\net8.0\POSSampleOWN.database.dll". [D:\MiniPOS\POSSampleOWN.domain\POSSampleOWN.domain.csproj]
C:\Program Files\dotnet\sdk\10.0.201\Microsoft.Common.CurrentVersion.targets(2451,5): warning MSB3277:             D:\MiniPOS\POSSampleOWN.database\bin\Debug\net8.0\POSSampleOWN.database.dll [D:\MiniPOS\POSSampleOWN.domain\POSSampleOWN.domain.csproj]
D:\MiniPOS\POSSampleOWN.domain\Features\Inventory\InventoryController.cs(36,21): error CS0815: Cannot assign void to an implicitly-typed variable [D:\MiniPOS\POSSampleOWN.domain\POSSampleOWN.domain.csproj]
D:\MiniPOS\POSSampleOWN.domain\Features\Inventory\InventoryController.cs(54,21): error CS0815: Cannot assign void to an implicitly-typed variable [D:\MiniPOS\POSSampleOWN.domain\POSSampleOWN.domain.csproj]
D:\MiniPOS\POSSampleOWN.domain\Features\Inventory\InventoryController.cs(77,17): error CS0815: Cannot assign void to an implicitly-typed variable [D:\MiniPOS\POSSampleOWN.domain\POSSampleOWN.domain.csproj]
D:\MiniPOS\POSSampleOWN.domain\Features\Inventory\InventoryController.cs(88,17): error CS0815: Cannot assign void to an implicitly-typed variable [D:\MiniPOS\POSSampleOWN.domain\POSSampleOWN.domain.csproj]
D:\MiniPOS\POSSampleOWN.domain\Features\ProductsCatalog\CategoriesController.cs(29,18): warning ASP0023: Route '{id}' conflicts with another action route. An HTTP request that matches multiple routes results in an ambiguous match error. Fix the conflict by changing the route's pattern, HTTP method, or route constraints. (https://aka.ms/aspnet/analyzers) [D:\MiniPOS\POSSampleOWN.domain\POSSampleOWN.domain.csproj]
D:\MiniPOS\POSSampleOWN.domain\Features\ProductsCatalog\CategoriesController.cs(30,18): warning ASP0023: Route '{id}' conflicts with another action route. An HTTP request that matches multiple routes results in an ambiguous match error. Fix the conflict by changing the route's pattern, HTTP method, or route constraints. (https://aka.ms/aspnet/analyzers) [D:\MiniPOS\POSSampleOWN.domain\POSSampleOWN.domain.csproj]
D:\MiniPOS\POSSampleOWN.domain\Features\ProductsCatalog\CategoriesController.cs(65,20): warning ASP0023: Route '{id}' conflicts with another action route. An HTTP request that matches multiple routes results in an ambiguous match error. Fix the conflict by changing the route's pattern, HTTP method, or route constraints. (https://aka.ms/aspnet/analyzers) [D:\MiniPOS\POSSampleOWN.domain\POSSampleOWN.domain.csproj]
D:\MiniPOS\POSSampleOWN.domain\Features\ProductsCatalog\CategoriesController.cs(66,20): warning ASP0023: Route '{id}' conflicts with another action route. An HTTP request that matches multiple routes results in an ambiguous match error. Fix the conflict by changing the route's pattern, HTTP method, or route constraints. (https://aka.ms/aspnet/analyzers) [D:\MiniPOS\POSSampleOWN.domain\POSSampleOWN.domain.csproj]
D:\MiniPOS\POSSampleOWN.domain\Features\ProductsCatalog\CategoriesController.cs(83,21): warning ASP0023: Route '{id}' conflicts with another action route. An HTTP request that matches multiple routes results in an ambiguous match error. Fix the conflict by changing the route's pattern, HTTP method, or route constraints. (https://aka.ms/aspnet/analyzers) [D:\MiniPOS\POSSampleOWN.domain\POSSampleOWN.domain.csproj]
D:\MiniPOS\POSSampleOWN.domain\Features\ProductsCatalog\CategoriesController.cs(84,21): warning ASP0023: Route '{id}' conflicts with another action route. An HTTP request that matches multiple routes results in an ambiguous match error. Fix the conflict by changing the route's pattern, HTTP method, or route constraints. (https://aka.ms/aspnet/analyzers) [D:\MiniPOS\POSSampleOWN.domain\POSSampleOWN.domain.csproj]
D:\MiniPOS\POSSampleOWN.domain\Features\ProductsCatalog\CategoriesController.cs(101,18): warning ASP0023: Route 'search' conflicts with another action route. An HTTP request that matches multiple routes results in an ambiguous match error. Fix the conflict by changing the route's pattern, HTTP method, or route constraints. (https://aka.ms/aspnet/analyzers) [D:\MiniPOS\POSSampleOWN.domain\POSSampleOWN.domain.csproj]
D:\MiniPOS\POSSampleOWN.domain\Features\ProductsCatalog\CategoriesController.cs(102,18): warning ASP0023: Route 'search' conflicts with another action route. An HTTP request that matches multiple routes results in an ambiguous match error. Fix the conflict by changing the route's pattern, HTTP method, or route constraints. (https://aka.ms/aspnet/analyzers) [D:\MiniPOS\POSSampleOWN.domain\POSSampleOWN.domain.csproj]
D:\MiniPOS\POSSampleOWN.domain\Features\ProductsCatalog\ProductsController.cs(30,18): warning ASP0023: Route '{id}' conflicts with another action route. An HTTP request that matches multiple routes results in an ambiguous match error. Fix the conflict by changing the route's pattern, HTTP method, or route constraints. (https://aka.ms/aspnet/analyzers) [D:\MiniPOS\POSSampleOWN.domain\POSSampleOWN.domain.csproj]
D:\MiniPOS\POSSampleOWN.domain\Features\ProductsCatalog\ProductsController.cs(31,18): warning ASP0023: Route '{id}' conflicts with another action route. An HTTP request that matches multiple routes results in an ambiguous match error. Fix the conflict by changing the route's pattern, HTTP method, or route constraints. (https://aka.ms/aspnet/analyzers) [D:\MiniPOS\POSSampleOWN.domain\POSSampleOWN.domain.csproj]
D:\MiniPOS\POSSampleOWN.domain\Features\ProductsCatalog\ProductsController.cs(72,19): warning ASP0023: Route 'bulk' conflicts with another action route. An HTTP request that matches multiple routes results in an ambiguous match error. Fix the conflict by changing the route's pattern, HTTP method, or route constraints. (https://aka.ms/aspnet/analyzers) [D:\MiniPOS\POSSampleOWN.domain\POSSampleOWN.domain.csproj]
D:\MiniPOS\POSSampleOWN.domain\Features\ProductsCatalog\ProductsController.cs(73,19): warning ASP0023: Route 'bulk' conflicts with another action route. An HTTP request that matches multiple routes results in an ambiguous match error. Fix the conflict by changing the route's pattern, HTTP method, or route constraints. (https://aka.ms/aspnet/analyzers) [D:\MiniPOS\POSSampleOWN.domain\POSSampleOWN.domain.csproj]
D:\MiniPOS\POSSampleOWN.domain\Features\ProductsCatalog\ProductsController.cs(90,20): warning ASP0023: Route '{id}' conflicts with another action route. An HTTP request that matches multiple routes results in an ambiguous match error. Fix the conflict by changing the route's pattern, HTTP method, or route constraints. (https://aka.ms/aspnet/analyzers) [D:\MiniPOS\POSSampleOWN.domain\POSSampleOWN.domain.csproj]
D:\MiniPOS\POSSampleOWN.domain\Features\ProductsCatalog\ProductsController.cs(91,20): warning ASP0023: Route '{id}' conflicts with another action route. An HTTP request that matches multiple routes results in an ambiguous match error. Fix the conflict by changing the route's pattern, HTTP method, or route constraints. (https://aka.ms/aspnet/analyzers) [D:\MiniPOS\POSSampleOWN.domain\POSSampleOWN.domain.csproj]
D:\MiniPOS\POSSampleOWN.domain\Features\ProductsCatalog\ProductsController.cs(108,21): warning ASP0023: Route '{id}' conflicts with another action route. An HTTP request that matches multiple routes results in an ambiguous match error. Fix the conflict by changing the route's pattern, HTTP method, or route constraints. (https://aka.ms/aspnet/analyzers) [D:\MiniPOS\POSSampleOWN.domain\POSSampleOWN.domain.csproj]
D:\MiniPOS\POSSampleOWN.domain\Features\ProductsCatalog\ProductsController.cs(109,21): warning ASP0023: Route '{id}' conflicts with another action route. An HTTP request that matches multiple routes results in an ambiguous match error. Fix the conflict by changing the route's pattern, HTTP method, or route constraints. (https://aka.ms/aspnet/analyzers) [D:\MiniPOS\POSSampleOWN.domain\POSSampleOWN.domain.csproj]
D:\MiniPOS\POSSampleOWN.domain\Features\ProductsCatalog\ProductsController.cs(126,18): warning ASP0023: Route 'search' conflicts with another action route. An HTTP request that matches multiple routes results in an ambiguous match error. Fix the conflict by changing the route's pattern, HTTP method, or route constraints. (https://aka.ms/aspnet/analyzers) [D:\MiniPOS\POSSampleOWN.domain\POSSampleOWN.domain.csproj]
D:\MiniPOS\POSSampleOWN.domain\Features\ProductsCatalog\ProductsController.cs(127,18): warning ASP0023: Route 'search' conflicts with another action route. An HTTP request that matches multiple routes results in an ambiguous match error. Fix the conflict by changing the route's pattern, HTTP method, or route constraints. (https://aka.ms/aspnet/analyzers) [D:\MiniPOS\POSSampleOWN.domain\POSSampleOWN.domain.csproj]

Build FAILED.

C:\Program Files\dotnet\sdk\10.0.201\Microsoft.Common.CurrentVersion.targets(2451,5): warning MSB3277: Found conflicts between different versions of "Microsoft.EntityFrameworkCore.Relational" that could not be resolved. [D:\MiniPOS\POSSampleOWN.domain\POSSampleOWN.domain.csproj]
C:\Program Files\dotnet\sdk\10.0.201\Microsoft.Common.CurrentVersion.targets(2451,5): warning MSB3277: There was a conflict between "Microsoft.EntityFrameworkCore.Relational, Version=8.0.4.0, Culture=neutral, PublicKeyToken=adb9793829ddae60" and "Microsoft.EntityFrameworkCore.Relational, Version=8.0.22.0, Culture=neutral, PublicKeyToken=adb9793829ddae60". [D:\MiniPOS\POSSampleOWN.domain\POSSampleOWN.domain.csproj]
C:\Program Files\dotnet\sdk\10.0.201\Microsoft.Common.CurrentVersion.targets(2451,5): warning MSB3277:     "Microsoft.EntityFrameworkCore.Relational, Version=8.0.4.0, Culture=neutral, PublicKeyToken=adb9793829ddae60" was chosen because it was primary and "Microsoft.EntityFrameworkCore.Relational, Version=8.0.22.0, Culture=neutral, PublicKeyToken=adb9793829ddae60" was not. [D:\MiniPOS\POSSampleOWN.domain\POSSampleOWN.domain.csproj]
C:\Program Files\dotnet\sdk\10.0.201\Microsoft.Common.CurrentVersion.targets(2451,5): warning MSB3277:     References which depend on "Microsoft.EntityFrameworkCore.Relational, Version=8.0.4.0, Culture=neutral, PublicKeyToken=adb9793829ddae60" [C:\Users\USER\.nuget\packages\microsoft.entityframeworkcore.relational\8.0.4\lib\net8.0\Microsoft.EntityFrameworkCore.Relational.dll]. [D:\MiniPOS\POSSampleOWN.domain\POSSampleOWN.domain.csproj]
C:\Program Files\dotnet\sdk\10.0.201\Microsoft.Common.CurrentVersion.targets(2451,5): warning MSB3277:         C:\Users\USER\.nuget\packages\microsoft.entityframeworkcore.relational\8.0.4\lib\net8.0\Microsoft.EntityFrameworkCore.Relational.dll [D:\MiniPOS\POSSampleOWN.domain\POSSampleOWN.domain.csproj]
C:\Program Files\dotnet\sdk\10.0.201\Microsoft.Common.CurrentVersion.targets(2451,5): warning MSB3277:           Project file item includes which caused reference "C:\Users\USER\.nuget\packages\microsoft.entityframeworkcore.relational\8.0.4\lib\net8.0\Microsoft.EntityFrameworkCore.Relational.dll". [D:\MiniPOS\POSSampleOWN.domain\POSSampleOWN.domain.csproj]
C:\Program Files\dotnet\sdk\10.0.201\Microsoft.Common.CurrentVersion.targets(2451,5): warning MSB3277:             C:\Users\USER\.nuget\packages\microsoft.entityframeworkcore.relational\8.0.4\lib\net8.0\Microsoft.EntityFrameworkCore.Relational.dll [D:\MiniPOS\POSSampleOWN.domain\POSSampleOWN.domain.csproj]
C:\Program Files\dotnet\sdk\10.0.201\Microsoft.Common.CurrentVersion.targets(2451,5): warning MSB3277:     References which depend on or have been unified to "Microsoft.EntityFrameworkCore.Relational, Version=8.0.22.0, Culture=neutral, PublicKeyToken=adb9793829ddae60" []. [D:\MiniPOS\POSSampleOWN.domain\POSSampleOWN.domain.csproj]
C:\Program Files\dotnet\sdk\10.0.201\Microsoft.Common.CurrentVersion.targets(2451,5): warning MSB3277:         D:\MiniPOS\POSSampleOWN.database\bin\Debug\net8.0\POSSampleOWN.database.dll [D:\MiniPOS\POSSampleOWN.domain\POSSampleOWN.domain.csproj]
C:\Program Files\dotnet\sdk\10.0.201\Microsoft.Common.CurrentVersion.targets(2451,5): warning MSB3277:           Project file item includes which caused reference "D:\MiniPOS\POSSampleOWN.database\bin\Debug\net8.0\POSSampleOWN.database.dll". [D:\MiniPOS\POSSampleOWN.domain\POSSampleOWN.domain.csproj]
C:\Program Files\dotnet\sdk\10.0.201\Microsoft.Common.CurrentVersion.targets(2451,5): warning MSB3277:             D:\MiniPOS\POSSampleOWN.database\bin\Debug\net8.0\POSSampleOWN.database.dll [D:\MiniPOS\POSSampleOWN.domain\POSSampleOWN.domain.csproj]
D:\MiniPOS\POSSampleOWN.domain\Features\ProductsCatalog\CategoriesController.cs(29,18): warning ASP0023: Route '{id}' conflicts with another action route. An HTTP request that matches multiple routes results in an ambiguous match error. Fix the conflict by changing the route's pattern, HTTP method, or route constraints. (https://aka.ms/aspnet/analyzers) [D:\MiniPOS\POSSampleOWN.domain\POSSampleOWN.domain.csproj]
D:\MiniPOS\POSSampleOWN.domain\Features\ProductsCatalog\CategoriesController.cs(30,18): warning ASP0023: Route '{id}' conflicts with another action route. An HTTP request that matches multiple routes results in an ambiguous match error. Fix the conflict by changing the route's pattern, HTTP method, or route constraints. (https://aka.ms/aspnet/analyzers) [D:\MiniPOS\POSSampleOWN.domain\POSSampleOWN.domain.csproj]
D:\MiniPOS\POSSampleOWN.domain\Features\ProductsCatalog\CategoriesController.cs(65,20): warning ASP0023: Route '{id}' conflicts with another action route. An HTTP request that matches multiple routes results in an ambiguous match error. Fix the conflict by changing the route's pattern, HTTP method, or route constraints. (https://aka.ms/aspnet/analyzers) [D:\MiniPOS\POSSampleOWN.domain\POSSampleOWN.domain.csproj]
D:\MiniPOS\POSSampleOWN.domain\Features\ProductsCatalog\CategoriesController.cs(66,20): warning ASP0023: Route '{id}' conflicts with another action route. An HTTP request that matches multiple routes results in an ambiguous match error. Fix the conflict by changing the route's pattern, HTTP method, or route constraints. (https://aka.ms/aspnet/analyzers) [D:\MiniPOS\POSSampleOWN.domain\POSSampleOWN.domain.csproj]
D:\MiniPOS\POSSampleOWN.domain\Features\ProductsCatalog\CategoriesController.cs(83,21): warning ASP0023: Route '{id}' conflicts with another action route. An HTTP request that matches multiple routes results in an ambiguous match error. Fix the conflict by changing the route's pattern, HTTP method, or route constraints. (https://aka.ms/aspnet/analyzers) [D:\MiniPOS\POSSampleOWN.domain\POSSampleOWN.domain.csproj]
D:\MiniPOS\POSSampleOWN.domain\Features\ProductsCatalog\CategoriesController.cs(84,21): warning ASP0023: Route '{id}' conflicts with another action route. An HTTP request that matches multiple routes results in an ambiguous match error. Fix the conflict by changing the route's pattern, HTTP method, or route constraints. (https://aka.ms/aspnet/analyzers) [D:\MiniPOS\POSSampleOWN.domain\POSSampleOWN.domain.csproj]
D:\MiniPOS\POSSampleOWN.domain\Features\ProductsCatalog\CategoriesController.cs(101,18): warning ASP0023: Route 'search' conflicts with another action route. An HTTP request that matches multiple routes results in an ambiguous match error. Fix the conflict by changing the route's pattern, HTTP method, or route constraints. (https://aka.ms/aspnet/analyzers) [D:\MiniPOS\POSSampleOWN.domain\POSSampleOWN.domain.csproj]
D:\MiniPOS\POSSampleOWN.domain\Features\ProductsCatalog\CategoriesController.cs(102,18): warning ASP0023: Route 'search' conflicts with another action route. An HTTP request that matches multiple routes results in an ambiguous match error. Fix the conflict by changing the route's pattern, HTTP method, or route constraints. (https://aka.ms/aspnet/analyzers) [D:\MiniPOS\POSSampleOWN.domain\POSSampleOWN.domain.csproj]
D:\MiniPOS\POSSampleOWN.domain\Features\ProductsCatalog\ProductsController.cs(30,18): warning ASP0023: Route '{id}' conflicts with another action route. An HTTP request that matches multiple routes results in an ambiguous match error. Fix the conflict by changing the route's pattern, HTTP method, or route constraints. (https://aka.ms/aspnet/analyzers) [D:\MiniPOS\POSSampleOWN.domain\POSSampleOWN.domain.csproj]
D:\MiniPOS\POSSampleOWN.domain\Features\ProductsCatalog\ProductsController.cs(31,18): warning ASP0023: Route '{id}' conflicts with another action route. An HTTP request that matches multiple routes results in an ambiguous match error. Fix the conflict by changing the route's pattern, HTTP method, or route constraints. (https://aka.ms/aspnet/analyzers) [D:\MiniPOS\POSSampleOWN.domain\POSSampleOWN.domain.csproj]
D:\MiniPOS\POSSampleOWN.domain\Features\ProductsCatalog\ProductsController.cs(72,19): warning ASP0023: Route 'bulk' conflicts with another action route. An HTTP request that matches multiple routes results in an ambiguous match error. Fix the conflict by changing the route's pattern, HTTP method, or route constraints. (https://aka.ms/aspnet/analyzers) [D:\MiniPOS\POSSampleOWN.domain\POSSampleOWN.domain.csproj]
D:\MiniPOS\POSSampleOWN.domain\Features\ProductsCatalog\ProductsController.cs(73,19): warning ASP0023: Route 'bulk' conflicts with another action route. An HTTP request that matches multiple routes results in an ambiguous match error. Fix the conflict by changing the route's pattern, HTTP method, or route constraints. (https://aka.ms/aspnet/analyzers) [D:\MiniPOS\POSSampleOWN.domain\POSSampleOWN.domain.csproj]
D:\MiniPOS\POSSampleOWN.domain\Features\ProductsCatalog\ProductsController.cs(90,20): warning ASP0023: Route '{id}' conflicts with another action route. An HTTP request that matches multiple routes results in an ambiguous match error. Fix the conflict by changing the route's pattern, HTTP method, or route constraints. (https://aka.ms/aspnet/analyzers) [D:\MiniPOS\POSSampleOWN.domain\POSSampleOWN.domain.csproj]
D:\MiniPOS\POSSampleOWN.domain\Features\ProductsCatalog\ProductsController.cs(91,20): warning ASP0023: Route '{id}' conflicts with another action route. An HTTP request that matches multiple routes results in an ambiguous match error. Fix the conflict by changing the route's pattern, HTTP method, or route constraints. (https://aka.ms/aspnet/analyzers) [D:\MiniPOS\POSSampleOWN.domain\POSSampleOWN.domain.csproj]
D:\MiniPOS\POSSampleOWN.domain\Features\ProductsCatalog\ProductsController.cs(108,21): warning ASP0023: Route '{id}' conflicts with another action route. An HTTP request that matches multiple routes results in an ambiguous match error. Fix the conflict by changing the route's pattern, HTTP method, or route constraints. (https://aka.ms/aspnet/analyzers) [D:\MiniPOS\POSSampleOWN.domain\POSSampleOWN.domain.csproj]
D:\MiniPOS\POSSampleOWN.domain\Features\ProductsCatalog\ProductsController.cs(109,21): warning ASP0023: Route '{id}' conflicts with another action route. An HTTP request that matches multiple routes results in an ambiguous match error. Fix the conflict by changing the route's pattern, HTTP method, or route constraints. (https://aka.ms/aspnet/analyzers) [D:\MiniPOS\POSSampleOWN.domain\POSSampleOWN.domain.csproj]
D:\MiniPOS\POSSampleOWN.domain\Features\ProductsCatalog\ProductsController.cs(126,18): warning ASP0023: Route 'search' conflicts with another action route. An HTTP request that matches multiple routes results in an ambiguous match error. Fix the conflict by changing the route's pattern, HTTP method, or route constraints. (https://aka.ms/aspnet/analyzers) [D:\MiniPOS\POSSampleOWN.domain\POSSampleOWN.domain.csproj]
D:\MiniPOS\POSSampleOWN.domain\Features\ProductsCatalog\ProductsController.cs(127,18): warning ASP0023: Route 'search' conflicts with another action route. An HTTP request that matches multiple routes results in an ambiguous match error. Fix the conflict by changing the route's pattern, HTTP method, or route constraints. (https://aka.ms/aspnet/analyzers) [D:\MiniPOS\POSSampleOWN.domain\POSSampleOWN.domain.csproj]
D:\MiniPOS\POSSampleOWN.domain\Features\Inventory\InventoryController.cs(36,21): error CS0815: Cannot assign void to an implicitly-typed variable [D:\MiniPOS\POSSampleOWN.domain\POSSampleOWN.domain.csproj]
D:\MiniPOS\POSSampleOWN.domain\Features\Inventory\InventoryController.cs(54,21): error CS0815: Cannot assign void to an implicitly-typed variable [D:\MiniPOS\POSSampleOWN.domain\POSSampleOWN.domain.csproj]
D:\MiniPOS\POSSampleOWN.domain\Features\Inventory\InventoryController.cs(77,17): error CS0815: Cannot assign void to an implicitly-typed variable [D:\MiniPOS\POSSampleOWN.domain\POSSampleOWN.domain.csproj]
D:\MiniPOS\POSSampleOWN.domain\Features\Inventory\InventoryController.cs(88,17): error CS0815: Cannot assign void to an implicitly-typed variable [D:\MiniPOS\POSSampleOWN.domain\POSSampleOWN.domain.csproj]
    19 Warning(s)
    4 Error(s)

Time Elapsed 00:00:01.96
